###############################################################################
#                                                                             #
# IAR ELF Linker V6.50.3.4676/W32 for ARM               03/May/2013  15:04:29 #
# Copyright 2007-2013 IAR Systems AB.                                         #
#                                                                             #
#    Output file  =  C:\StellarisWare\boards\dk-lm3s9b96\balancing_robot\ewar #
#                    m\Exe\safertos_demo.out                                  #
#    Map file     =  C:\StellarisWare\boards\dk-lm3s9b96\balancing_robot\ewar #
#                    m\List\safertos_demo.map                                 #
#    Command line =  C:\StellarisWare\boards\dk-lm3s9b96\balancing_robot\ewar #
#                    m\Obj\adxl345.o C:\StellarisWare\boards\dk-lm3s9b96\bala #
#                    ncing_robot\ewarm\Obj\command_handler.o                  #
#                    C:\StellarisWare\driverlib\ewarm\Exe\driverlib.a         #
#                    C:\StellarisWare\grlib\ewarm\Exe\grlib.a                 #
#                    C:\StellarisWare\boards\dk-lm3s9b96\balancing_robot\ewar #
#                    m\Obj\i2ctools.o C:\StellarisWare\boards\dk-lm3s9b96\bal #
#                    ancing_robot\ewarm\Obj\kalman.o                          #
#                    C:\StellarisWare\boards\dk-lm3s9b96\balancing_robot\ewar #
#                    m\Obj\l3g4200d.o C:\StellarisWare\boards\dk-lm3s9b96\bal #
#                    ancing_robot\ewarm\Obj\main.o                            #
#                    C:\StellarisWare\boards\dk-lm3s9b96\balancing_robot\ewar #
#                    m\Obj\motor.o C:\StellarisWare\boards\dk-lm3s9b96\balanc #
#                    ing_robot\ewarm\Obj\my_timers.o                          #
#                    C:\StellarisWare\boards\dk-lm3s9b96\balancing_robot\ewar #
#                    m\Obj\my_uart.o C:\StellarisWare\boards\dk-lm3s9b96\bala #
#                    ncing_robot\ewarm\Obj\pid.o                              #
#                    C:\StellarisWare\boards\dk-lm3s9b96\balancing_robot\ewar #
#                    m\Obj\softeeprom.o C:\StellarisWare\boards\dk-lm3s9b96\b #
#                    alancing_robot\ewarm\Obj\startup.o                       #
#                    C:\StellarisWare\boards\dk-lm3s9b96\balancing_robot\ewar #
#                    m\Obj\uartstdio.o --redirect _Printf=_PrintfFull         #
#                    --redirect _Scanf=_ScanfFull -o                          #
#                    C:\StellarisWare\boards\dk-lm3s9b96\balancing_robot\ewar #
#                    m\Exe\safertos_demo.out --map                            #
#                    C:\StellarisWare\boards\dk-lm3s9b96\balancing_robot\ewar #
#                    m\List\safertos_demo.map --config                        #
#                    C:\StellarisWare\boards\dk-lm3s9b96\balancing_robot\bala #
#                    ncing_robot.icf --semihosting --entry                    #
#                    __iar_program_start --vfe                                #
#                                                                             #
#                                                                             #
###############################################################################

*******************************************************************************
*** RUNTIME MODEL ATTRIBUTES
***

CppFlavor                     = *
__Heap_Handler                = Basic
__SystemLibrary               = DLib
__dlib_dynamic_initialization = normal


*******************************************************************************
*** PLACEMENT SUMMARY
***

"A1":  place at start of [0x00000000-0x00030000] { ro section .intvec };
"P1":  place in [from 0x00000000 to 0x00030000] { ro };
"P2":  place in [from 0x20000210 to 0x20017def] { rw, block HEAP };

  Section             Kind        Address    Size  Object
  -------             ----        -------    ----  ------
"A1":                                       0x11c
  .intvec             const    0x00000000   0x11c  startup.o [1]
                             - 0x0000011c   0x11c

"P1":                                      0x481c
  .text               ro code  0x0000011c  0x10c6  xprintffull.o [3]
  .text               ro code  0x000011e2    0x20  xmbtowc.o [3]
  .text               ro code  0x00001202    0x22  zero_init3.o [6]
  .text               ro code  0x00001224    0x16  strchr.o [6]
  .text               ro code  0x0000123a     0xa  xsprout.o [3]
  .text               ro code  0x00001244    0x36  strlen.o [6]
  .text               ro code  0x0000127a     0x6  startup.o [1]
  .text               ro code  0x00001280    0x58  memchr.o [6]
  .text               ro code  0x000012d8     0xa  xmbcurmax.o [3]
  .text               ro code  0x000012e4    0xb0  xxmemxmalloc.o [3]
  .text               ro code  0x00001394    0x1a  xwctomb.o [3]
  .text               ro code  0x000013b0    0x76  ABImemcpy.o [6]
  .text               ro code  0x00001428    0x80  xxmemxfree.o [3]
  .text               ro code  0x000014a8    0xee  I64DivMod.o [6]
  .text               ro code  0x00001598   0x1a2  DblMul.o [5]
  .text               ro code  0x0000173a    0x42  xdnorm.o [5]
  .text               ro code  0x0000177c    0x2e  DblCmpLe.o [5]
  .text               ro code  0x000017ac    0x2e  DblCmpGe.o [5]
  .text               ro code  0x000017dc   0x10c  xdscale.o [5]
  .text               ro code  0x000018e8    0x58  DblToI32.o [5]
  .text               ro code  0x00001940    0x30  I32ToDbl.o [5]
  .text               ro code  0x00001970   0x180  DblSub.o [5]
  .text               ro code  0x00001af0   0x246  DblDiv.o [5]
  .text               ro code  0x00001d38    0x6c  localeconv.o [3]
  .text               ro code  0x00001da4     0xe  div.o [3]
  .text               ro code  0x00001db4    0x14  setlocale.o [3]
  .text               ro code  0x00001dc8    0x60  xencoding_sb.o [3]
  .text               ro code  0x00001e28    0x2c  xgetmemchunk.o [3]
  .text               ro code  0x00001e54     0x2  I64DivZer.o [6]
  .text               ro code  0x00001e58    0xe8  DblAdd.o [5]
  .text               ro code  0x00001f40     0x2  xtls.o [3]
  .text               ro code  0x00001f44   0x488  uartstdio.o [1]
  .text               ro code  0x000023cc   0x434  softeeprom.o [1]
  .text               ro code  0x00002800    0xb0  flash.o [4]
  .text               ro code  0x000028b0   0x1d8  sysctl.o [4]
  .text               ro code  0x00002a88   0x3b8  main.o [1]
  .text               ro code  0x00002e40   0x174  gpio.o [4]
  .text               ro code  0x00002fb4    0x74  interrupt.o [4]
  .text               ro code  0x00003028    0xd8  my_uart.o [1]
  .text               ro code  0x00003100    0xec  command_handler.o [1]
  .text               ro code  0x000031ec    0xe0  my_timers.o [1]
  .text               ro code  0x000032cc   0x18c  i2ctools.o [1]
  .text               ro code  0x00003458   0x1d0  motor.o [1]
  .text               ro code  0x00003628   0x290  l3g4200d.o [1]
  .text               ro code  0x000038b8   0x260  adxl345.o [1]
  .text               ro code  0x00003b18   0x290  pid.o [1]
  .text               ro code  0x00003da8    0xf0  sqrt.o [5]
  .text               ro code  0x00003e98    0xe8  acos.o [5]
  .text               ro code  0x00003f80    0x40  I64ToDbl.o [5]
  .text               ro code  0x00003fc0   0x274  kalman.o [1]
  .text               ro code  0x00004234     0x8  cpu.o [4]
  .text               ro code  0x0000423c    0xa2  uart.o [4]
  .text               ro code  0x000042e0    0x34  sprintf.o [3]
  .text               ro code  0x00004314    0x62  timer.o [4]
  .text               ro code  0x00004378    0x5c  i2c.o [4]
  .text               ro code  0x000043d4    0x8e  pwm.o [4]
  .text               ro code  0x00004464     0xc  iarEdom.o [6]
  .rodata             const    0x00004470    0x5c  sysctl.o [4]
  .text               ro code  0x000044d0   0x1e0  xatan.o [5]
  .text               ro code  0x000046b0     0xc  errno.o [3]
  .text               ro code  0x000046bc    0xb0  packbits_init.o [6]
  .text               ro code  0x0000476c     0x6  abort.o [3]
  .text               ro code  0x00004774    0x14  exit.o [7]
  .rodata             const    0x00004788    0x48  gpio.o [4]
  .rodata             const    0x000047d0    0x30  command_handler.o [1]
  .text               ro code  0x00004800    0x28  data_init.o [6]
  .iar.init_table     const    0x00004828    0x2c  - Linker created -
  .rodata             const    0x00004854    0x1c  command_handler.o [1]
  .text               ro code  0x00004870    0x16  cmain.o [6]
  .text               ro code  0x00004886     0x4  low_level_init.o [3]
  .text               ro code  0x0000488a     0x4  exit.o [3]
  .text               ro code  0x00004890     0xa  cexit.o [6]
  .rodata             const    0x0000489c    0x10  main.o [1]
  .rodata             const    0x000048ac    0x10  main.o [1]
  .rodata             const    0x000048bc     0xc  uartstdio.o [1]
  .rodata             const    0x000048c8     0xc  uartstdio.o [1]
  .rodata             const    0x000048d4     0xc  uartstdio.o [1]
  .rodata             const    0x000048e0     0xc  sysctl.o [4]
  .text               ro code  0x000048ec     0xc  cstartup_M.o [6]
  .rodata             const    0x000048f8     0x8  command_handler.o [1]
  .rodata             const    0x00004900     0x8  command_handler.o [1]
  .rodata             const    0x00004908     0x8  kalman.o [1]
  .rodata             const    0x00004910     0x8  kalman.o [1]
  .rodata             const    0x00004918     0x8  kalman.o [1]
  .rodata             const    0x00004920     0x0  zero_init3.o [6]
  .rodata             const    0x00004920     0x0  packbits_init.o [6]
  Initializer bytes   ro data  0x00004920    0x16  <for P2 s0>
                             - 0x00004936  0x481a

"P2", part 1 of 3:                          0x118
  P2 s0                        0x20000210   0x112  <Init block>
    __DLIB_PERTHREAD  inited   0x20000210    0x88  localeconv.o [3]
    __DLIB_PERTHREAD  inited   0x20000298    0x74  setlocale.o [3]
    __DLIB_PERTHREAD  inited   0x2000030c     0x4  errno.o [3]
    .data             inited   0x20000310     0x8  main.o [1]
    .data             inited   0x20000318     0x8  main.o [1]
    .data             inited   0x20000320     0x1  adxl345.o [1]
    .data             inited   0x20000321     0x1  l3g4200d.o [1]
                             - 0x20000322   0x112

"P2", part 2 of 3:                         0x2664
  .bss                zero     0x20000328  0x2058  main.o [1]
  .bss                zero     0x20002380   0x400  uartstdio.o [1]
  .bss                zero     0x20002780    0x80  uartstdio.o [1]
  .bss                zero     0x20002800    0x14  adxl345.o [1]
  .bss                zero     0x20002814    0x14  adxl345.o [1]
  .bss                zero     0x20002828    0x14  adxl345.o [1]
  .bss                zero     0x2000283c    0x14  l3g4200d.o [1]
  .bss                zero     0x20002850    0x14  l3g4200d.o [1]
  .bss                zero     0x20002864    0x14  l3g4200d.o [1]
  .bss                zero     0x20002878     0x8  kalman.o [1]
  .bss                zero     0x20002880     0x8  kalman.o [1]
  .bss                zero     0x20002888     0x8  kalman.o [1]
  .bss                zero     0x20002890     0x8  kalman.o [1]
  .bss                zero     0x20002898     0x8  kalman.o [1]
  .bss                zero     0x200028a0     0x8  kalman.o [1]
  .bss                zero     0x200028a8     0x8  kalman.o [1]
  .bss                zero     0x200028b0     0x8  kalman.o [1]
  .bss                zero     0x200028b8     0x8  kalman.o [1]
  .bss                zero     0x200028c0     0x8  kalman.o [1]
  .bss                zero     0x200028c8     0x8  main.o [1]
  .bss                zero     0x200028d0     0x8  main.o [1]
  .bss                zero     0x200028d8     0x8  main.o [1]
  .bss                zero     0x200028e0     0x8  main.o [1]
  .bss                zero     0x200028e8     0x8  main.o [1]
  .bss                zero     0x200028f0     0x8  main.o [1]
  .bss                zero     0x200028f8     0x8  my_timers.o [1]
  .bss                zero     0x20002900     0x8  my_timers.o [1]
  .bss                zero     0x20002908     0x8  xxmemxmalloc.o [3]
  .bss                zero     0x20002910     0x4  main.o [1]
  .bss                zero     0x20002914     0x4  main.o [1]
  .bss                zero     0x20002918     0x4  main.o [1]
  .bss                zero     0x2000291c     0x4  main.o [1]
  .bss                zero     0x20002920     0x4  main.o [1]
  .bss                zero     0x20002924     0x4  main.o [1]
  .bss                zero     0x20002928     0x4  softeeprom.o [1]
  .bss                zero     0x2000292c     0x4  softeeprom.o [1]
  .bss                zero     0x20002930     0x4  softeeprom.o [1]
  .bss                zero     0x20002934     0x4  softeeprom.o [1]
  .bss                zero     0x20002938     0x4  softeeprom.o [1]
  .bss                zero     0x2000293c     0x4  uartstdio.o [1]
  .bss                zero     0x20002940     0x4  uartstdio.o [1]
  .bss                zero     0x20002944     0x4  uartstdio.o [1]
  .bss                zero     0x20002948     0x4  uartstdio.o [1]
  .bss                zero     0x2000294c     0x4  uartstdio.o [1]
  .bss                zero     0x20002950     0x4  uartstdio.o [1]
  .bss                zero     0x20002954     0x4  xgetmemchunk.o [3]
  .bss                zero     0x20002958     0x2  adxl345.o [1]
  .bss                zero     0x2000295a     0x2  adxl345.o [1]
  .bss                zero     0x2000295c     0x2  adxl345.o [1]
  .bss                zero     0x2000295e     0x2  adxl345.o [1]
  .bss                zero     0x20002960     0x2  adxl345.o [1]
  .bss                zero     0x20002962     0x2  adxl345.o [1]
  .bss                zero     0x20002964     0x2  l3g4200d.o [1]
  .bss                zero     0x20002966     0x2  l3g4200d.o [1]
  .bss                zero     0x20002968     0x2  l3g4200d.o [1]
  .bss                zero     0x2000296a     0x2  l3g4200d.o [1]
  .bss                zero     0x2000296c     0x2  l3g4200d.o [1]
  .bss                zero     0x2000296e     0x2  l3g4200d.o [1]
  .bss                zero     0x20002970     0x2  main.o [1]
  .bss                zero     0x20002972     0x2  main.o [1]
  .bss                zero     0x20002974     0x2  main.o [1]
  .bss                zero     0x20002976     0x2  main.o [1]
  .bss                zero     0x20002978     0x2  main.o [1]
  .bss                zero     0x2000297a     0x2  main.o [1]
  .bss                zero     0x2000297c     0x2  main.o [1]
  .bss                zero     0x2000297e     0x2  main.o [1]
  .bss                zero     0x20002980     0x2  main.o [1]
  .bss                zero     0x20002982     0x2  main.o [1]
  .bss                zero     0x20002984     0x1  adxl345.o [1]
  .bss                zero     0x20002985     0x1  l3g4200d.o [1]
  .bss                zero     0x20002986     0x1  main.o [1]
  .bss                zero     0x20002987     0x1  softeeprom.o [1]
  .bss                zero     0x20002988     0x1  uartstdio.o [1]
  .bss                zero     0x20002989     0x1  uartstdio.o [1]
                             - 0x2000298a  0x2662

"P2", part 3 of 3:                         0x8674
  .noinit             uninit   0x2000298c  0x7e70  startup.o [1]
  HEAP                         0x2000a800   0x800  <Block>
    HEAP              uninit   0x2000a800   0x800  <Block tail>
                             - 0x2000b000  0x8674


*******************************************************************************
*** INIT TABLE
***

          Address     Size
          -------     ----
Zero (__iar_zero_init3)
    1 destination range, total size 0x2662:
          0x20000328  0x2662

Copy/packbits (__iar_packbits_init3)
    1 source range, total size 0x16 (8% of destination):
          0x00004920    0x16
    1 destination range, total size 0x112:
          0x20000210   0x112



*******************************************************************************
*** MODULE SUMMARY
***

    Module             ro code  ro data  rw data
    ------             -------  -------  -------
C:\StellarisWare\boards\dk-lm3s9b96\balancing_robot\ewarm\Obj: [1]
    adxl345.o              608                74
    command_handler.o      236       92
    i2ctools.o             396
    kalman.o               628       24       80
    l3g4200d.o             656        1       74
    main.o                 952       33    8 389
    motor.o                464
    my_timers.o            224                16
    my_uart.o              216
    pid.o                  656
    softeeprom.o         1 076                21
    startup.o                6      284   32 368
    uartstdio.o          1 160       36    1 178
    --------------------------------------------
    Total:               7 278      470   42 200

command line: [2]
    --------------------------------------------
    Total:

dl7M_tlf.a: [3]
    abort.o                  6
    div.o                   14
    errno.o                 12                 4
    exit.o                   4
    localeconv.o           108       10      136
    low_level_init.o         4
    setlocale.o             20       10      116
    sprintf.o               52
    xencoding_sb.o          96
    xgetmemchunk.o          44                 4
    xmbcurmax.o             10
    xmbtowc.o               32
    xprintffull.o        4 294
    xsprout.o               10
    xtls.o                   2
    xwctomb.o               26
    xxmemxfree.o           128
    xxmemxmalloc.o         176                 8
    --------------------------------------------
    Total:               5 038       20      268

driverlib.a: [4]
    cpu.o                    8
    flash.o                176
    gpio.o                 372       72
    i2c.o                   92
    interrupt.o            116
    pwm.o                  142
    sysctl.o               472      104
    timer.o                 98
    uart.o                 162
    --------------------------------------------
    Total:               1 638      176

m7M_tl.a: [5]
    DblAdd.o               232
    DblCmpGe.o              46
    DblCmpLe.o              46
    DblDiv.o               582
    DblMul.o               418
    DblSub.o               384
    DblToI32.o              88
    I32ToDbl.o              48
    I64ToDbl.o              64
    acos.o                 232
    sqrt.o                 240
    xatan.o                480
    xdnorm.o                66
    xdscale.o              268
    --------------------------------------------
    Total:               3 194

rt7M_tl.a: [6]
    ABImemcpy.o            118
    I64DivMod.o            238
    I64DivZer.o              2
    cexit.o                 10
    cmain.o                 22
    cstartup_M.o            12
    data_init.o             40
    iarEdom.o               12
    memchr.o                88
    packbits_init.o        176
    strchr.o                22
    strlen.o                54
    zero_init3.o            34
    --------------------------------------------
    Total:                 828

shb_l.a: [7]
    exit.o                  20
    --------------------------------------------
    Total:                  20

    Gaps                    34        2
    Linker created                   44    2 048
------------------------------------------------
    Grand Total:        18 030      712   44 516


*******************************************************************************
*** ENTRY LIST
***

Entry                      Address    Size  Type      Object
-----                      -------    ----  ----      ------
?main                   0x00004871          Code  Gb  cmain.o [6]
CPUcpsie                0x00004235     0x8  Code  Gb  cpu.o [4]
FaultISR                0x0000127d     0x2  Code  Lc  startup.o [1]
FlashErase              0x00002809    0x1e  Code  Gb  flash.o [4]
FlashProgram            0x00002827    0x6c  Code  Gb  flash.o [4]
FlashUsecSet            0x00002801     0x8  Code  Gb  flash.o [4]
GPIODirModeSet          0x00002e41    0x28  Code  Gb  gpio.o [4]
GPIOPadConfigSet        0x00002e69    0x98  Code  Gb  gpio.o [4]
GPIOPinConfigure        0x00002f6d    0x3c  Code  Gb  gpio.o [4]
GPIOPinRead             0x00002f01     0x6  Code  Gb  gpio.o [4]
GPIOPinTypeGPIOInput    0x00002f1b    0x10  Code  Gb  gpio.o [4]
GPIOPinTypeGPIOOutput   0x00002f2b     0xa  Code  Gb  gpio.o [4]
GPIOPinTypeI2C          0x00002f47     0xa  Code  Gb  gpio.o [4]
GPIOPinTypePWM          0x00002f51     0xa  Code  Gb  gpio.o [4]
GPIOPinTypeUART         0x00002f63     0xa  Code  Gb  gpio.o [4]
GPIOPinWrite            0x00002f07     0x6  Code  Gb  gpio.o [4]
GetActivePageCount      0x00002487    0x34  Code  Lc  softeeprom.o [1]
GetMostRecentlyUsedPage
                        0x00002521    0x4a  Code  Lc  softeeprom.o [1]
GetNextAvailEntry       0x000024ef    0x32  Code  Lc  softeeprom.o [1]
GetUsedPageCount        0x000024bb    0x34  Code  Lc  softeeprom.o [1]
HEAP$$Base              0x2000a800           --   Gb  - Linker created -
HEAP$$Limit             0x2000b000           --   Gb  - Linker created -
I2CMasterBusy           0x000043bd     0xc  Code  Gb  i2c.o [4]
I2CMasterControl        0x000043c9     0x4  Code  Gb  i2c.o [4]
I2CMasterDataGet        0x000043d1     0x4  Code  Gb  i2c.o [4]
I2CMasterDataPut        0x000043cd     0x4  Code  Gb  i2c.o [4]
I2CMasterEnable         0x0000439f     0xc  Code  Gb  i2c.o [4]
I2CMasterInitExpClk     0x00004379    0x26  Code  Gb  i2c.o [4]
I2CMasterSlaveAddrSet   0x000043b5     0x8  Code  Gb  i2c.o [4]
InStream_Read           0x000046bd    0x22  Code  Lc  packbits_init.o [6]
IntDefaultHandler       0x0000127f     0x2  Code  Lc  startup.o [1]
IntEnable               0x00002fbf    0x4e  Code  Gb  interrupt.o [4]
IntMasterEnable         0x00002fb5     0xa  Code  Gb  interrupt.o [4]
IsBufferEmpty           0x00001f69    0x1a  Code  Lc  uartstdio.o [1]
IsBufferFull            0x00001f45    0x24  Code  Lc  uartstdio.o [1]
K_0                     0x200028b8     0x8  Data  Gb  kalman.o [1]
K_1                     0x200028c0     0x8  Data  Gb  kalman.o [1]
NmiSR                   0x0000127b     0x2  Code  Lc  startup.o [1]
PWMDeadBandDisable      0x00004443     0x6  Code  Gb  pwm.o [4]
PWMGenConfigure         0x000043d5    0x2c  Code  Gb  pwm.o [4]
PWMGenEnable            0x00004419     0x6  Code  Gb  pwm.o [4]
PWMGenPeriodSet         0x00004405    0x14  Code  Gb  pwm.o [4]
PWMOutputState          0x00004451    0x12  Code  Gb  pwm.o [4]
PWMPulseWidthSet        0x0000441f    0x1c  Code  Gb  pwm.o [4]
P_00                    0x20002888     0x8  Data  Gb  kalman.o [1]
P_01                    0x20002890     0x8  Data  Gb  kalman.o [1]
P_10                    0x20002898     0x8  Data  Gb  kalman.o [1]
P_11                    0x200028a0     0x8  Data  Gb  kalman.o [1]
PageDataWrite           0x0000240f    0x44  Code  Lc  softeeprom.o [1]
PageErase               0x000023cd    0x42  Code  Lc  softeeprom.o [1]
PageIsActive            0x00002453    0x1a  Code  Lc  softeeprom.o [1]
PageIsUsed              0x0000246d    0x1a  Code  Lc  softeeprom.o [1]
Q_angle                 0x00004908     0x8  Data  Gb  kalman.o [1]
Q_gyro                  0x00004910     0x8  Data  Gb  kalman.o [1]
R                       0x200028d8     0x8  Data  Gb  main.o [1]
R_angle                 0x00004918     0x8  Data  Gb  kalman.o [1]
Region$$Table$$Base     0x00004828           --   Gb  - Linker created -
Region$$Table$$Limit    0x00004854           --   Gb  - Linker created -
S                       0x200028b0     0x8  Data  Gb  kalman.o [1]
SoftEEPROMInit          0x0000256b   0x224  Code  Gb  softeeprom.o [1]
SoftEEPROMRead          0x0000278f    0x54  Code  Gb  softeeprom.o [1]
SysCtlClockGet          0x000028e1   0x160  Code  Gb  sysctl.o [4]
SysCtlFlashSizeGet      0x000028b1    0x10  Code  Gb  sysctl.o [4]
SysCtlPWMClockSet       0x00002a41     0xa  Code  Gb  sysctl.o [4]
SysCtlPeripheralEnable  0x000028c1     0x8  Code  Gb  sysctl.o [4]
Tick100us1              0x200028f8     0x8  Data  Gb  my_timers.o [1]
Tick100us2              0x20002900     0x8  Data  Gb  my_timers.o [1]
Timer0IntHandler        0x0000328d    0x14  Code  Gb  my_timers.o [1]
Timer1IntHandler        0x000032a1    0x14  Code  Gb  my_timers.o [1]
TimerConfigure          0x00004321    0x1e  Code  Gb  timer.o [4]
TimerControlStall       0x0000433f    0x18  Code  Gb  timer.o [4]
TimerEnable             0x00004315     0xc  Code  Gb  timer.o [4]
TimerIntEnable          0x0000436d     0x4  Code  Gb  timer.o [4]
TimerLoadSet            0x00004357    0x12  Code  Gb  timer.o [4]
UART0IntHandler         0x00003091    0x16  Code  Gb  my_uart.o [1]
UART0Send               0x000030a7    0x1e  Code  Gb  my_uart.o [1]
UART1Send               0x000030c5    0x1e  Code  Gb  my_uart.o [1]
UARTCharPut             0x000042c1     0xa  Code  Gb  uart.o [4]
UARTConfigSetExpClk     0x0000423d    0x4c  Code  Gb  uart.o [4]
UARTDisable             0x000042a3    0x1e  Code  Gb  uart.o [4]
UARTEchoSet             0x0000221d    0x12  Code  Gb  uartstdio.o [1]
UARTEnable              0x00004289    0x1a  Code  Gb  uart.o [4]
UARTFlushRx             0x000021bb    0x26  Code  Gb  uartstdio.o [1]
UARTFlushTx             0x000021e1    0x3c  Code  Gb  uartstdio.o [1]
UARTIntClear            0x000042db     0x4  Code  Gb  uart.o [4]
UARTIntStatus           0x000042d1     0xa  Code  Gb  uart.o [4]
UARTPrimeTransmit       0x00001f83    0x9a  Code  Lc  uartstdio.o [1]
UARTStdioInit           0x0000201d    0x10  Code  Gb  uartstdio.o [1]
UARTStdioInitExpClk     0x0000202d    0xca  Code  Gb  uartstdio.o [1]
UARTStdioIntHandler     0x0000222f   0x152  Code  Gb  uartstdio.o [1]
UARTwrite               0x000020f7    0xc4  Code  Gb  uartstdio.o [1]
_EncodingSb_Mbtowc      0x00001de3    0x30  Code  Gb  xencoding_sb.o [3]
_EncodingSb_Wctomb      0x00001dc9    0x1a  Code  Gb  xencoding_sb.o [3]
_GenldFull              0x00000f51   0x248  Code  Lc  xprintffull.o [3]
_IsdstStr               0x2000029c     0x4  Data  Gb  setlocale.o [3]
_LdtobFull              0x00000b89   0x3c2  Code  Lc  xprintffull.o [3]
_LitobFull              0x00000a2b   0x10c  Code  Lc  xprintffull.o [3]
_LocaleEncoding         0x00001db5     0xe  Code  Gb  setlocale.o [3]
_LocaleReturnString     0x200002bc    0x50  Data  Lc  setlocale.o [3]
_Locale_Profile         0x200002a0    0x1c  Data  Gb  setlocale.o [3]
_Locale_aeabi_lconv     0x20000260    0x38  Data  Gb  localeconv.o [3]
_Locale_lconv           0x20000210    0x50  Data  Gb  localeconv.o [3]
_Mbtowc                 0x000011e3    0x20  Code  Gb  xmbtowc.o [3]
_PrintfFull             0x0000011d   0x5b6  Code  Gb  xprintffull.o [3]
_PutcharsFull           0x00001199    0x2e  Code  Lc  xprintffull.o [3]
_PutstrFull             0x000006e9   0x33c  Code  Lc  xprintffull.o [3]
_SProut                 0x0000123b     0xa  Code  Gb  xsprout.o [3]
_TzoneStr               0x20000298     0x4  Data  Gb  setlocale.o [3]
_Wctomb                 0x00001395    0x1a  Code  Gb  xwctomb.o [3]
__aeabi_cdcmple         0x0000177d          Code  Gb  DblCmpLe.o [5]
__aeabi_cdrcmple        0x000017ad          Code  Gb  DblCmpGe.o [5]
__aeabi_d2iz            0x000018e9          Code  Gb  DblToI32.o [5]
__aeabi_d2uiz           0x00001915          Code  Gb  DblToI32.o [5]
__aeabi_dadd            0x00001e59          Code  Gb  DblAdd.o [5]
__aeabi_ddiv            0x00001af1          Code  Gb  DblDiv.o [5]
__aeabi_dmul            0x00001599          Code  Gb  DblMul.o [5]
__aeabi_dsub            0x00001971          Code  Gb  DblSub.o [5]
__aeabi_errno_addr      0x000046b1     0x6  Code  Gb  errno.o [3]
__aeabi_i2d             0x00001941          Code  Gb  I32ToDbl.o [5]
__aeabi_ldiv0           0x00001e55          Code  Gb  I64DivZer.o [6]
__aeabi_memcpy          0x000013b1          Code  Gb  ABImemcpy.o [6]
__aeabi_memcpy4         0x000013d1          Code  Gb  ABImemcpy.o [6]
__aeabi_memcpy8         0x000013d1          Code  Gb  ABImemcpy.o [6]
__aeabi_ui2d            0x00001955          Code  Gb  I32ToDbl.o [5]
__aeabi_ul2d            0x00003f81          Code  Gb  I64ToDbl.o [5]
__aeabi_uldivmod        0x000014a9          Code  Gb  I64DivMod.o [6]
__cmain                 0x00004871          Code  Gb  cmain.o [6]
__data_Aldata           0x20002908     0x8  Data  Gb  xxmemxmalloc.o [3]
__data_GetMemChunk      0x00001e29    0x2c  Code  Gb  xgetmemchunk.o [3]
__exit                  0x00004775    0x14  Code  Gb  exit.o [7]
__iar_Atan              0x000044d1   0x148  Code  Gb  xatan.o [5]
__iar_Dnorm             0x0000173b    0x42  Code  Gb  xdnorm.o [5]
__iar_Dscale            0x000017dd   0x10c  Code  Gb  xdscale.o [5]
__iar_Errno             0x2000030c     0x4  Data  Gb  errno.o [3]
__iar_Locale_lconv_init
                        0x00001d39    0x3a  Code  Gb  localeconv.o [3]
__iar_Mbcurmax          0x000012d9     0xa  Code  Gb  xmbcurmax.o [3]
__iar_Memchr            0x00001281          Code  Gb  memchr.o [6]
__iar_Strchr            0x00001225          Code  Gb  strchr.o [6]
__iar_d2uiz             0x00001921          Code  Gb  DblToI32.o [5]
__iar_dadd              0x00001e6d          Code  Gb  DblAdd.o [5]
__iar_data_init3        0x00004801    0x28  Code  Gb  data_init.o [6]
__iar_dlib_perthread_access
                        0x00001f41     0x2  Code  Gb  xtls.o [3]
__iar_dsub              0x00001985          Code  Gb  DblSub.o [5]
__iar_dsubStart         0x00001997          Code  Gb  DblSub.o [5]
__iar_edom              0x00004465          Code  Gb  iarEdom.o [6]
__iar_packbits_init3    0x000046df    0x8e  Code  Gb  packbits_init.o [6]
__iar_program_start     0x000048ed          Code  Gb  cstartup_M.o [6]
__iar_sqrt              0x00003da9          Code  Gb  sqrt.o [5]
__iar_ui2d              0x00001959          Code  Gb  I32ToDbl.o [5]
__iar_ul2d              0x00003f85          Code  Gb  I64ToDbl.o [5]
__iar_zero_init3        0x00001203    0x22  Code  Gb  zero_init3.o [6]
__low_level_init        0x00004887     0x4  Code  Gb  low_level_init.o [3]
__vector_table          0x00000000   0x11c  Data  Gb  startup.o [1]
_call_main              0x0000487d          Code  Gb  cmain.o [6]
_exit                   0x00004891          Code  Gb  cexit.o [6]
_main                   0x00004883          Code  Gb  cmain.o [6]
a                       0x00004670    0x40  Data  Lc  xatan.o [5]
abort                   0x0000476d     0x6  Code  Gb  abort.o [3]
accel_get_xyz_avg       0x0000398b   0x10e  Code  Gb  adxl345.o [1]
accel_get_xyz_cal       0x00003a99    0x52  Code  Gb  adxl345.o [1]
accel_get_xyz_raw       0x00003947    0x44  Code  Gb  adxl345.o [1]
accel_idx_new           0x20002984     0x1  Data  Gb  adxl345.o [1]
accel_idx_old           0x20000320     0x1  Data  Gb  adxl345.o [1]
accel_init              0x000038b9    0x8e  Code  Gb  adxl345.o [1]
accel_pitch_ang         0x200028e8     0x8  Data  Gb  main.o [1]
accel_x                 0x2000297e     0x2  Data  Gb  main.o [1]
accel_x_offset          0x20002958     0x2  Data  Gb  adxl345.o [1]
accel_x_tot             0x2000295e     0x2  Data  Gb  adxl345.o [1]
accel_x_vals            0x20002800    0x14  Data  Gb  adxl345.o [1]
accel_y                 0x20002980     0x2  Data  Gb  main.o [1]
accel_y_offset          0x2000295a     0x2  Data  Gb  adxl345.o [1]
accel_y_tot             0x20002960     0x2  Data  Gb  adxl345.o [1]
accel_y_vals            0x20002814    0x14  Data  Gb  adxl345.o [1]
accel_z                 0x20002982     0x2  Data  Gb  main.o [1]
accel_z_offset          0x2000295c     0x2  Data  Gb  adxl345.o [1]
accel_z_tot             0x20002962     0x2  Data  Gb  adxl345.o [1]
accel_z_vals            0x20002828    0x14  Data  Gb  adxl345.o [1]
acos                    0x00003e99    0xe8  Code  Gb  acos.o [5]
ang_controller          0x00003bd5   0x1b0  Code  Gb  pid.o [1]
angle                   0x20002878     0x8  Data  Gb  kalman.o [1]
bias                    0x20002880     0x8  Data  Gb  kalman.o [1]
cheapDelay              0x000032cd     0xa  Code  Gb  i2ctools.o [1]
command_handler_init    0x00003101    0x10  Code  Gb  command_handler.o [1]
d_get                   0x00003bc1    0x14  Code  Gb  pid.o [1]
delta_t                 0x200028c8     0x8  Data  Gb  main.o [1]
div                     0x00001da5     0xe  Code  Gb  div.o [3]
drive_motors            0x00003537    0xbe  Code  Gb  motor.o [1]
exit                    0x0000488b     0x4  Code  Gb  exit.o [3]
filtered_ang            0x200028e0     0x8  Data  Gb  main.o [1]
free                    0x00001429    0x7a  Code  Gb  xxmemxfree.o [3]
g_bDisableEcho          0x20002988     0x1  Data  Lc  uartstdio.o [1]
g_bEEPROMInitialized    0x20002987     0x1  Data  Lc  softeeprom.o [1]
g_gyroScale             0x200028f0     0x8  Data  Gb  main.o [1]
g_pcUARTRxBuffer        0x20002780    0x80  Data  Lc  uartstdio.o [1]
g_pcUARTTxBuffer        0x20002380   0x400  Data  Lc  uartstdio.o [1]
g_pucActivePage         0x20002934     0x4  Data  Lc  softeeprom.o [1]
g_pucEEPROMEnd          0x2000292c     0x4  Data  Lc  softeeprom.o [1]
g_pucEEPROMStart        0x20002928     0x4  Data  Lc  softeeprom.o [1]
g_pucNextAvailEntry     0x20002938     0x4  Data  Lc  softeeprom.o [1]
g_pulGPIOBaseAddrs      0x00004788    0x48  Data  Lc  gpio.o [4]
g_pulRCGCRegs           0x000048e0     0xc  Data  Lc  sysctl.o [4]
g_pulXtals              0x00004470    0x5c  Data  Lc  sysctl.o [4]
g_ulBase                0x2000294c     0x4  Data  Lc  uartstdio.o [1]
g_ulEEPROMPgSize        0x20002930     0x4  Data  Lc  softeeprom.o [1]
g_ulPortNum             0x20002950     0x4  Data  Lc  uartstdio.o [1]
g_ulUARTBase            0x000048bc     0xc  Data  Lc  uartstdio.o [1]
g_ulUARTInt             0x000048c8     0xc  Data  Lc  uartstdio.o [1]
g_ulUARTPeriph          0x000048d4     0xc  Data  Lc  uartstdio.o [1]
g_ulUARTRxReadIndex     0x20002948     0x4  Data  Lc  uartstdio.o [1]
g_ulUARTRxWriteIndex    0x20002944     0x4  Data  Lc  uartstdio.o [1]
g_ulUARTTxReadIndex     0x20002940     0x4  Data  Lc  uartstdio.o [1]
g_ulUARTTxWriteIndex    0x2000293c     0x4  Data  Lc  uartstdio.o [1]
gyro_get_xyz_avg        0x0000366d   0x10e  Code  Gb  l3g4200d.o [1]
gyro_get_xyz_cal        0x0000377b    0x52  Code  Gb  l3g4200d.o [1]
gyro_get_xyz_raw        0x00003629    0x44  Code  Gb  l3g4200d.o [1]
gyro_idx_new            0x20002985     0x1  Data  Gb  l3g4200d.o [1]
gyro_idx_old            0x20000321     0x1  Data  Gb  l3g4200d.o [1]
gyro_init               0x000037cd    0xb4  Code  Gb  l3g4200d.o [1]
gyro_x                  0x20002978     0x2  Data  Gb  main.o [1]
gyro_x_offset           0x20002964     0x2  Data  Gb  l3g4200d.o [1]
gyro_x_tot              0x2000296a     0x2  Data  Gb  l3g4200d.o [1]
gyro_x_vals             0x2000283c    0x14  Data  Gb  l3g4200d.o [1]
gyro_y                  0x2000297a     0x2  Data  Gb  main.o [1]
gyro_y_offset           0x20002966     0x2  Data  Gb  l3g4200d.o [1]
gyro_y_tot              0x2000296c     0x2  Data  Gb  l3g4200d.o [1]
gyro_y_vals             0x20002850    0x14  Data  Gb  l3g4200d.o [1]
gyro_z                  0x2000297c     0x2  Data  Gb  main.o [1]
gyro_z_offset           0x20002968     0x2  Data  Gb  l3g4200d.o [1]
gyro_z_tot              0x2000296e     0x2  Data  Gb  l3g4200d.o [1]
gyro_z_vals             0x20002864    0x14  Data  Gb  l3g4200d.o [1]
halted_latch            0x20002986     0x1  Data  Gb  main.o [1]
i2c_init                0x000032d7    0x74  Code  Gb  i2ctools.o [1]
i2c_rx_multi            0x00003399    0xac  Code  Gb  i2ctools.o [1]
i2c_tx_single           0x0000334b    0x4e  Code  Gb  i2ctools.o [1]
i_get                   0x00003bad    0x14  Code  Gb  pid.o [1]
kD                      0x20002974     0x2  Data  Gb  main.o [1]
kI                      0x20002972     0x2  Data  Gb  main.o [1]
kP                      0x20002970     0x2  Data  Gb  main.o [1]
kalman                  0x00003fc1   0x274  Code  Gb  kalman.o [1]
left_mot_gain           0x20000318     0x8  Data  Gb  main.o [1]
localeconv              0x00001d73    0x16  Code  Gb  localeconv.o [3]
main                    0x00002a89   0x3b8  Code  Gb  main.o [1]
malloc                  0x000012e5    0xac  Code  Gb  xxmemxmalloc.o [3]
memchr                  0x00001281          Code  Gb  memchr.o [6]
motor_init              0x00003459    0xde  Code  Gb  motor.o [1]
motor_val               0x20002924     0x4  Data  Gb  main.o [1]
myTimerValueGet         0x00003279     0x8  Code  Gb  my_timers.o [1]
myTimerZero             0x00003281     0xc  Code  Gb  my_timers.o [1]
my_timer0_init          0x000031ed    0x46  Code  Gb  my_timers.o [1]
my_timer1_init          0x00003233    0x46  Code  Gb  my_timers.o [1]
my_uart_0_init          0x00003029    0x36  Code  Gb  my_uart.o [1]
my_uart_1_init          0x0000305f    0x32  Code  Gb  my_uart.o [1]
p_get                   0x00003b99    0x14  Code  Gb  pid.o [1]
pbFound                 0x20002920     0x4  Data  Gb  main.o [1]
pid_init                0x00003b19    0x80  Code  Gb  pid.o [1]
pid_motor               0x20000328  0x2058  Data  Gb  main.o [1]
print_params            0x00003111    0x44  Code  Gb  command_handler.o [1]
print_update            0x00003155    0x6a  Code  Gb  command_handler.o [1]
psANG                   0x2000291c     0x4  Data  Gb  main.o [1]
psKD                    0x20002918     0x4  Data  Gb  main.o [1]
psKI                    0x20002914     0x4  Data  Gb  main.o [1]
psKP                    0x20002910     0x4  Data  Gb  main.o [1]
pulStack                0x2000298c  0x7e70  Data  Lc  startup.o [1]
right_mot_gain          0x20000310     0x8  Data  Gb  main.o [1]
scale                   0x00000b3d    0x46  Code  Lc  xprintffull.o [3]
sprintf                 0x000042e1    0x34  Code  Gb  sprintf.o [3]
sqrt                    0x00003da9          Code  Gb  sqrt.o [5]
sqrtl                   0x00003da9          Code  Gb  sqrt.o [5]
stop_motors             0x000035f5    0x1a  Code  Gb  motor.o [1]
strchr                  0x00001225          Code  Gb  strchr.o [6]
strlen                  0x00001245          Code  Gb  strlen.o [6]
sum_delta_t             0x200028d0     0x8  Data  Gb  main.o [1]
y                       0x200028a8     0x8  Data  Gb  kalman.o [1]
zero_ang                0x20002976     0x2  Data  Gb  main.o [1]


[1] = C:\StellarisWare\boards\dk-lm3s9b96\balancing_robot\ewarm\Obj
[2] = command line
[3] = dl7M_tlf.a
[4] = driverlib.a
[5] = m7M_tl.a
[6] = rt7M_tl.a
[7] = shb_l.a

  18 030 bytes of readonly  code memory
     712 bytes of readonly  data memory
  44 516 bytes of readwrite data memory

Errors: none
Warnings: none
